[     241ms] [LOG] [Fast Refresh] rebuilding @ http://localhost:3456/_next/static/chunks/1ls4_next_dist_0jbz77j._.js:776
[     259ms] [LOG] [Fast Refresh] done in 118ms @ http://localhost:3456/_next/static/chunks/1ls4_next_dist_0jbz77j._.js:776
[     677ms] [INFO] %cDownload the React DevTools for a better development experience: https://react.dev/link/react-devtools font-weight:bold @ http://localhost:3456/_next/static/chunks/1ls4_next_dist_0jbz77j._.js:776
[     826ms] [LOG] [HMR] connected @ http://localhost:3456/_next/static/chunks/1ls4_next_dist_0jbz77j._.js:776
[   62536ms] [LOG] [Fast Refresh] rebuilding @ http://localhost:3456/_next/static/chunks/1ls4_next_dist_0jbz77j._.js:776
[   65909ms] [LOG] [Fast Refresh] done in 3473ms @ http://localhost:3456/_next/static/chunks/1ls4_next_dist_0jbz77j._.js:776
[   89583ms] [LOG] [Fast Refresh] rebuilding @ http://localhost:3456/_next/static/chunks/1ls4_next_dist_0jbz77j._.js:776
[   89591ms] [LOG] [Fast Refresh] done in 107ms @ http://localhost:3456/_next/static/chunks/1ls4_next_dist_0jbz77j._.js:776
[  125012ms] [INFO] %cDownload the React DevTools for a better development experience: https://react.dev/link/react-devtools font-weight:bold @ http://localhost:3456/_next/static/chunks/1ls4_next_dist_0jbz77j._.js:776
[  125088ms] [LOG] [HMR] connected @ http://localhost:3456/_next/static/chunks/1ls4_next_dist_0jbz77j._.js:776
[  163132ms] [INFO] %cDownload the React DevTools for a better development experience: https://react.dev/link/react-devtools font-weight:bold @ http://localhost:3456/_next/static/chunks/1ls4_next_dist_0jbz77j._.js:776
[  163198ms] [LOG] [HMR] connected @ http://localhost:3456/_next/static/chunks/1ls4_next_dist_0jbz77j._.js:776
[  163437ms] [LOG] [Fast Refresh] rebuilding @ http://localhost:3456/_next/static/chunks/1ls4_next_dist_0jbz77j._.js:776
[  163447ms] [LOG] [Fast Refresh] done in 123ms @ http://localhost:3456/_next/static/chunks/1ls4_next_dist_0jbz77j._.js:776
[  921020ms] [LOG] [Fast Refresh] rebuilding @ http://localhost:3456/_next/static/chunks/1ls4_next_dist_0jbz77j._.js:776
[  921234ms] [LOG] [Fast Refresh] done in 324ms @ http://localhost:3456/_next/static/chunks/1ls4_next_dist_0jbz77j._.js:776
[  921467ms] [LOG] [Fast Refresh] rebuilding @ http://localhost:3456/_next/static/chunks/1ls4_next_dist_0jbz77j._.js:776
[  922092ms] [LOG] [Fast Refresh] done in 726ms @ http://localhost:3456/_next/static/chunks/1ls4_next_dist_0jbz77j._.js:776
[  956556ms] [LOG] [Fast Refresh] rebuilding @ http://localhost:3456/_next/static/chunks/1ls4_next_dist_0jbz77j._.js:776
[  957887ms] [LOG] [Fast Refresh] done in 1430ms @ http://localhost:3456/_next/static/chunks/1ls4_next_dist_0jbz77j._.js:776
[ 1059881ms] [LOG] [Fast Refresh] rebuilding @ http://localhost:3456/_next/static/chunks/1ls4_next_dist_0jbz77j._.js:776
[ 1060133ms] [LOG] [Fast Refresh] done in 353ms @ http://localhost:3456/_next/static/chunks/1ls4_next_dist_0jbz77j._.js:776
[ 1102561ms] [LOG] [Fast Refresh] rebuilding @ http://localhost:3456/_next/static/chunks/1ls4_next_dist_0jbz77j._.js:776
[ 1102669ms] [LOG] [Fast Refresh] done in 208ms @ http://localhost:3456/_next/static/chunks/1ls4_next_dist_0jbz77j._.js:776
[ 1155244ms] [LOG] [Fast Refresh] rebuilding @ http://localhost:3456/_next/static/chunks/1ls4_next_dist_0jbz77j._.js:776
[ 1160329ms] [LOG] [Fast Refresh] done in 5186ms @ http://localhost:3456/_next/static/chunks/1ls4_next_dist_0jbz77j._.js:776
[ 1845939ms] [LOG] [Fast Refresh] rebuilding @ http://localhost:3456/_next/static/chunks/1ls4_next_dist_0jbz77j._.js:776
[ 1851221ms] [LOG] [Fast Refresh] done in 5382ms @ http://localhost:3456/_next/static/chunks/1ls4_next_dist_0jbz77j._.js:776
[ 1868842ms] [LOG] [Fast Refresh] rebuilding @ http://localhost:3456/_next/static/chunks/1ls4_next_dist_0jbz77j._.js:776
[ 1869605ms] [LOG] [Fast Refresh] done in 863ms @ http://localhost:3456/_next/static/chunks/1ls4_next_dist_0jbz77j._.js:776
[ 2021375ms] [LOG] [Fast Refresh] rebuilding @ http://localhost:3456/_next/static/chunks/1ls4_next_dist_0jbz77j._.js:776
[ 2026651ms] [LOG] [Fast Refresh] done in 5376ms @ http://localhost:3456/_next/static/chunks/1ls4_next_dist_0jbz77j._.js:776
[ 2030257ms] [LOG] [Fast Refresh] rebuilding @ http://localhost:3456/_next/static/chunks/1ls4_next_dist_0jbz77j._.js:776
[ 2030971ms] [LOG] [Fast Refresh] done in 814ms @ http://localhost:3456/_next/static/chunks/1ls4_next_dist_0jbz77j._.js:776
[ 2302659ms] [LOG] [Fast Refresh] rebuilding @ http://localhost:3456/_next/static/chunks/1ls4_next_dist_0jbz77j._.js:776
[ 2302687ms] [LOG] [Fast Refresh] done in 126ms @ http://localhost:3456/_next/static/chunks/1ls4_next_dist_0jbz77j._.js:776
[ 2313672ms] [LOG] [Fast Refresh] rebuilding @ http://localhost:3456/_next/static/chunks/1ls4_next_dist_0jbz77j._.js:776
[ 2313851ms] [LOG] [Fast Refresh] done in 279ms @ http://localhost:3456/_next/static/chunks/1ls4_next_dist_0jbz77j._.js:776
[ 2378467ms] [LOG] [Fast Refresh] rebuilding @ http://localhost:3456/_next/static/chunks/1ls4_next_dist_0jbz77j._.js:776
[ 2378530ms] [LOG] [Fast Refresh] done in 164ms @ http://localhost:3456/_next/static/chunks/1ls4_next_dist_0jbz77j._.js:776
[ 2404264ms] [LOG] [Fast Refresh] rebuilding @ http://localhost:3456/_next/static/chunks/1ls4_next_dist_0jbz77j._.js:776
[ 2404329ms] [LOG] [Fast Refresh] done in 165ms @ http://localhost:3456/_next/static/chunks/1ls4_next_dist_0jbz77j._.js:776
[ 2407913ms] [LOG] [Fast Refresh] rebuilding @ http://localhost:3456/_next/static/chunks/1ls4_next_dist_0jbz77j._.js:776
[ 2408357ms] [LOG] [Fast Refresh] done in 544ms @ http://localhost:3456/_next/static/chunks/1ls4_next_dist_0jbz77j._.js:776
[ 2435732ms] [LOG] [Fast Refresh] rebuilding @ http://localhost:3456/_next/static/chunks/1ls4_next_dist_0jbz77j._.js:776
[ 2447522ms] [LOG] [Fast Refresh] done in 11888ms @ http://localhost:3456/_next/static/chunks/1ls4_next_dist_0jbz77j._.js:776
[ 2452848ms] [LOG] [Fast Refresh] rebuilding @ http://localhost:3456/_next/static/chunks/1ls4_next_dist_0jbz77j._.js:776
[ 2452995ms] [LOG] [Fast Refresh] done in 248ms @ http://localhost:3456/_next/static/chunks/1ls4_next_dist_0jbz77j._.js:776
[ 2460262ms] [LOG] [Fast Refresh] rebuilding @ http://localhost:3456/_next/static/chunks/1ls4_next_dist_0jbz77j._.js:776
[ 2460305ms] [LOG] [Fast Refresh] done in 143ms @ http://localhost:3456/_next/static/chunks/1ls4_next_dist_0jbz77j._.js:776
[ 2461864ms] [LOG] [Fast Refresh] rebuilding @ http://localhost:3456/_next/static/chunks/1ls4_next_dist_0jbz77j._.js:776
[ 2462590ms] [LOG] [Fast Refresh] done in 828ms @ http://localhost:3456/_next/static/chunks/1ls4_next_dist_0jbz77j._.js:776
[ 2515969ms] [LOG] [Fast Refresh] rebuilding @ http://localhost:3456/_next/static/chunks/1ls4_next_dist_0jbz77j._.js:776
[ 2521548ms] [LOG] [Fast Refresh] done in 5680ms @ http://localhost:3456/_next/static/chunks/1ls4_next_dist_0jbz77j._.js:776
[ 2713275ms] [LOG] [Fast Refresh] rebuilding @ http://localhost:3456/_next/static/chunks/1ls4_next_dist_0jbz77j._.js:776
[ 2713296ms] [LOG] [Fast Refresh] done in 122ms @ http://localhost:3456/_next/static/chunks/1ls4_next_dist_0jbz77j._.js:776
[ 2793484ms] [LOG] [Fast Refresh] rebuilding @ http://localhost:3456/_next/static/chunks/1ls4_next_dist_0jbz77j._.js:776
[ 2793508ms] [LOG] [Fast Refresh] done in 125ms @ http://localhost:3456/_next/static/chunks/1ls4_next_dist_0jbz77j._.js:776
[ 2796582ms] [LOG] [Fast Refresh] rebuilding @ http://localhost:3456/_next/static/chunks/1ls4_next_dist_0jbz77j._.js:776
[ 2796660ms] [LOG] [Fast Refresh] done in 178ms @ http://localhost:3456/_next/static/chunks/1ls4_next_dist_0jbz77j._.js:776
[ 3467613ms] [LOG] [Fast Refresh] rebuilding @ http://localhost:3456/_next/static/chunks/1ls4_next_dist_0jbz77j._.js:776
[ 3467719ms] [LOG] [Fast Refresh] done in 218ms @ http://localhost:3456/_next/static/chunks/1ls4_next_dist_0jbz77j._.js:776
[ 3482995ms] [LOG] [Fast Refresh] rebuilding @ http://localhost:3456/_next/static/chunks/1ls4_next_dist_0jbz77j._.js:776
[ 3483167ms] [LOG] [Fast Refresh] done in 281ms @ http://localhost:3456/_next/static/chunks/1ls4_next_dist_0jbz77j._.js:776
[ 3508620ms] [LOG] [Fast Refresh] rebuilding @ http://localhost:3456/_next/static/chunks/1ls4_next_dist_0jbz77j._.js:776
[ 3508974ms] [LOG] [Fast Refresh] done in 456ms @ http://localhost:3456/_next/static/chunks/1ls4_next_dist_0jbz77j._.js:776
[ 3574951ms] [LOG] [Fast Refresh] rebuilding @ http://localhost:3456/_next/static/chunks/1ls4_next_dist_0jbz77j._.js:776
[ 3575012ms] [LOG] [Fast Refresh] done in 162ms @ http://localhost:3456/_next/static/chunks/1ls4_next_dist_0jbz77j._.js:776
[ 3601251ms] [LOG] [Fast Refresh] rebuilding @ http://localhost:3456/_next/static/chunks/1ls4_next_dist_0jbz77j._.js:776
[ 3601434ms] [LOG] [Fast Refresh] done in 306ms @ http://localhost:3456/_next/static/chunks/1ls4_next_dist_0jbz77j._.js:776
[ 3622044ms] [LOG] [Fast Refresh] rebuilding @ http://localhost:3456/_next/static/chunks/1ls4_next_dist_0jbz77j._.js:776
[ 3622137ms] [LOG] [Fast Refresh] done in 199ms @ http://localhost:3456/_next/static/chunks/1ls4_next_dist_0jbz77j._.js:776
[ 3642714ms] [LOG] [Fast Refresh] rebuilding @ http://localhost:3456/_next/static/chunks/1ls4_next_dist_0jbz77j._.js:776
[ 3642716ms] [LOG] [Fast Refresh] done in 103ms @ http://localhost:3456/_next/static/chunks/1ls4_next_dist_0jbz77j._.js:776
[ 4141249ms] [INFO] %cDownload the React DevTools for a better development experience: https://react.dev/link/react-devtools font-weight:bold @ http://localhost:3456/_next/static/chunks/1ls4_next_dist_0jbz77j._.js:776
[ 4141416ms] [LOG] [HMR] connected @ http://localhost:3456/_next/static/chunks/1ls4_next_dist_0jbz77j._.js:776
[ 4143961ms] [INFO] %cDownload the React DevTools for a better development experience: https://react.dev/link/react-devtools font-weight:bold @ http://localhost:3456/_next/static/chunks/1ls4_next_dist_0jbz77j._.js:776
[ 4144071ms] [LOG] [HMR] connected @ http://localhost:3456/_next/static/chunks/1ls4_next_dist_0jbz77j._.js:776
[ 4145913ms] [INFO] %cDownload the React DevTools for a better development experience: https://react.dev/link/react-devtools font-weight:bold @ http://localhost:3456/_next/static/chunks/1ls4_next_dist_0jbz77j._.js:776
[ 4146055ms] [LOG] [HMR] connected @ http://localhost:3456/_next/static/chunks/1ls4_next_dist_0jbz77j._.js:776
[ 4146335ms] [LOG] [Fast Refresh] rebuilding @ http://localhost:3456/_next/static/chunks/1ls4_next_dist_0jbz77j._.js:776
[ 4146596ms] [LOG] [Fast Refresh] done in 371ms @ http://localhost:3456/_next/static/chunks/1ls4_next_dist_0jbz77j._.js:776
[ 4147689ms] [ERROR] Connecting to 'https://server.arcgisonline.com/arcgis/rest/services/World_Imagery/MapServer/tilemap/18/159775/78757?width=1&height=1&f=json' violates the following Content Security Policy directive: "connect-src 'self' ws: wss: https://*.supabase.co wss://*.supabase.co". The action has been blocked. @ http://localhost:3456/_next/static/chunks/_12qg35p._.js:1255
[ 4147690ms] [ERROR] Fetch API cannot load https://server.arcgisonline.com/arcgis/rest/services/World_Imagery/MapServer/tilemap/18/159775/78757?width=1&height=1&f=json. Refused to connect because it violates the document's Content Security Policy. @ http://localhost:3456/_next/static/chunks/_12qg35p._.js:1255
[ 4147712ms] [ERROR] Connecting to 'https://server.arcgisonline.com/arcgis/rest/services/World_Imagery/MapServer/tilemap/17/79887/39378?width=1&height=1&f=json' violates the following Content Security Policy directive: "connect-src 'self' ws: wss: https://*.supabase.co wss://*.supabase.co". The action has been blocked. @ http://localhost:3456/_next/static/chunks/_12qg35p._.js:1255
[ 4147712ms] [ERROR] Fetch API cannot load https://server.arcgisonline.com/arcgis/rest/services/World_Imagery/MapServer/tilemap/17/79887/39378?width=1&height=1&f=json. Refused to connect because it violates the document's Content Security Policy. @ http://localhost:3456/_next/static/chunks/_12qg35p._.js:1255
[ 4195525ms] [LOG] [Fast Refresh] rebuilding @ http://localhost:3456/_next/static/chunks/1ls4_next_dist_0jbz77j._.js:776
[ 4211011ms] [LOG] [Fast Refresh] done in 5917ms @ http://localhost:3456/_next/static/chunks/1ls4_next_dist_0jbz77j._.js:776
[ 4214035ms] [LOG] [Fast Refresh] done in 5917ms @ http://localhost:3456/_next/static/chunks/1ls4_next_dist_0jbz77j._.js:776
[ 4216640ms] [LOG] [Fast Refresh] done in 5917ms @ http://localhost:3456/_next/static/chunks/1ls4_next_dist_0jbz77j._.js:776
[ 4217237ms] [LOG] [Fast Refresh] done in 5917ms @ http://localhost:3456/_next/static/chunks/1ls4_next_dist_0jbz77j._.js:776
[ 4219651ms] [LOG] [Fast Refresh] done in 5917ms @ http://localhost:3456/_next/static/chunks/1ls4_next_dist_0jbz77j._.js:776
[ 4222669ms] [LOG] [Fast Refresh] done in 5917ms @ http://localhost:3456/_next/static/chunks/1ls4_next_dist_0jbz77j._.js:776
[ 4225340ms] [LOG] [Fast Refresh] done in 5917ms @ http://localhost:3456/_next/static/chunks/1ls4_next_dist_0jbz77j._.js:776
[ 4225444ms] [LOG] [Fast Refresh] done in 5917ms @ http://localhost:3456/_next/static/chunks/1ls4_next_dist_0jbz77j._.js:776
[ 4225647ms] [LOG] [Fast Refresh] done in 5917ms @ http://localhost:3456/_next/static/chunks/1ls4_next_dist_0jbz77j._.js:776
[ 4225692ms] [LOG] [Fast Refresh] done in 5917ms @ http://localhost:3456/_next/static/chunks/1ls4_next_dist_0jbz77j._.js:776
[ 4227297ms] [LOG] [Fast Refresh] done in 5917ms @ http://localhost:3456/_next/static/chunks/1ls4_next_dist_0jbz77j._.js:776
[ 4228683ms] [LOG] [Fast Refresh] done in 5917ms @ http://localhost:3456/_next/static/chunks/1ls4_next_dist_0jbz77j._.js:776
[ 4231703ms] [LOG] [Fast Refresh] done in 5917ms @ http://localhost:3456/_next/static/chunks/1ls4_next_dist_0jbz77j._.js:776
[ 4234724ms] [LOG] [Fast Refresh] done in 5917ms @ http://localhost:3456/_next/static/chunks/1ls4_next_dist_0jbz77j._.js:776
[ 4237283ms] [LOG] [Fast Refresh] done in 5917ms @ http://localhost:3456/_next/static/chunks/1ls4_next_dist_0jbz77j._.js:776
[ 4237754ms] [LOG] [Fast Refresh] done in 5917ms @ http://localhost:3456/_next/static/chunks/1ls4_next_dist_0jbz77j._.js:776
[ 4240095ms] [LOG] [Fast Refresh] rebuilding @ http://localhost:3456/_next/static/chunks/1ls4_next_dist_0jbz77j._.js:776
[ 4240616ms] [LOG] [Fast Refresh] done in 622ms @ http://localhost:3456/_next/static/chunks/1ls4_next_dist_0jbz77j._.js:776
[ 4414292ms] [LOG] [Fast Refresh] rebuilding @ http://localhost:3456/_next/static/chunks/1ls4_next_dist_0jbz77j._.js:776
[ 4414644ms] [LOG] [Fast Refresh] done in 486ms @ http://localhost:3456/_next/static/chunks/1ls4_next_dist_0jbz77j._.js:776
[ 4417624ms] [LOG] [Fast Refresh] rebuilding @ http://localhost:3456/_next/static/chunks/1ls4_next_dist_0jbz77j._.js:776
[ 4417673ms] [LOG] [Fast Refresh] done in 152ms @ http://localhost:3456/_next/static/chunks/1ls4_next_dist_0jbz77j._.js:776
[ 4450961ms] [LOG] [Fast Refresh] rebuilding @ http://localhost:3456/_next/static/chunks/1ls4_next_dist_0jbz77j._.js:776
[ 4450973ms] [LOG] [Fast Refresh] done in 112ms @ http://localhost:3456/_next/static/chunks/1ls4_next_dist_0jbz77j._.js:776
[ 4982027ms] [LOG] [Fast Refresh] rebuilding @ http://localhost:3456/_next/static/chunks/1ls4_next_dist_0jbz77j._.js:776
[ 4982062ms] [LOG] [Fast Refresh] done in 136ms @ http://localhost:3456/_next/static/chunks/1ls4_next_dist_0jbz77j._.js:776
[ 4983373ms] [INFO] %cDownload the React DevTools for a better development experience: https://react.dev/link/react-devtools font-weight:bold @ http://localhost:3456/_next/static/chunks/1ls4_next_dist_0jbz77j._.js:776
[ 4983515ms] [LOG] [HMR] connected @ http://localhost:3456/_next/static/chunks/1ls4_next_dist_0jbz77j._.js:776
[ 4996115ms] [INFO] %cDownload the React DevTools for a better development experience: https://react.dev/link/react-devtools font-weight:bold @ http://localhost:3456/_next/static/chunks/1ls4_next_dist_0jbz77j._.js:776
[ 4996232ms] [LOG] [HMR] connected @ http://localhost:3456/_next/static/chunks/1ls4_next_dist_0jbz77j._.js:776
[ 5040917ms] [ERROR] WebSocket connection to 'ws://localhost:3456/_next/hmr?id=NpZn7J-DZQwCQs5aP-53s' failed: Error in connection establishment: net::ERR_CONNECTION_REFUSED @ http://localhost:3456/_next/static/chunks/1ls4_next_dist_client_1e1w42e._.js:16359
[ 5041918ms] [ERROR] WebSocket connection to 'ws://localhost:3456/_next/hmr?id=NpZn7J-DZQwCQs5aP-53s' failed: Error in connection establishment: net::ERR_CONNECTION_REFUSED @ http://localhost:3456/_next/static/chunks/1ls4_next_dist_client_1e1w42e._.js:16359
[ 5042920ms] [ERROR] WebSocket connection to 'ws://localhost:3456/_next/hmr?id=NpZn7J-DZQwCQs5aP-53s' failed: Error in connection establishment: net::ERR_CONNECTION_REFUSED @ http://localhost:3456/_next/static/chunks/1ls4_next_dist_client_1e1w42e._.js:16359
[ 5043924ms] [ERROR] WebSocket connection to 'ws://localhost:3456/_next/hmr?id=NpZn7J-DZQwCQs5aP-53s' failed: Error in connection establishment: net::ERR_CONNECTION_REFUSED @ http://localhost:3456/_next/static/chunks/1ls4_next_dist_client_1e1w42e._.js:16359
[ 5044926ms] [ERROR] WebSocket connection to 'ws://localhost:3456/_next/hmr?id=NpZn7J-DZQwCQs5aP-53s' failed: Error in connection establishment: net::ERR_CONNECTION_REFUSED @ http://localhost:3456/_next/static/chunks/1ls4_next_dist_client_1e1w42e._.js:16359
[ 5049929ms] [ERROR] WebSocket connection to 'ws://localhost:3456/_next/hmr?id=NpZn7J-DZQwCQs5aP-53s' failed: Error in connection establishment: net::ERR_CONNECTION_REFUSED @ http://localhost:3456/_next/static/chunks/1ls4_next_dist_client_1e1w42e._.js:16359
[ 5054930ms] [ERROR] WebSocket connection to 'ws://localhost:3456/_next/hmr?id=NpZn7J-DZQwCQs5aP-53s' failed: Error in connection establishment: net::ERR_CONNECTION_REFUSED @ http://localhost:3456/_next/static/chunks/1ls4_next_dist_client_1e1w42e._.js:16359
[ 5059932ms] [ERROR] WebSocket connection to 'ws://localhost:3456/_next/hmr?id=NpZn7J-DZQwCQs5aP-53s' failed: Error in connection establishment: net::ERR_CONNECTION_REFUSED @ http://localhost:3456/_next/static/chunks/1ls4_next_dist_client_1e1w42e._.js:16359
[ 5064935ms] [ERROR] WebSocket connection to 'ws://localhost:3456/_next/hmr?id=NpZn7J-DZQwCQs5aP-53s' failed: Error in connection establishment: net::ERR_CONNECTION_REFUSED @ http://localhost:3456/_next/static/chunks/1ls4_next_dist_client_1e1w42e._.js:16359
[ 5069936ms] [ERROR] WebSocket connection to 'ws://localhost:3456/_next/hmr?id=NpZn7J-DZQwCQs5aP-53s' failed: Error in connection establishment: net::ERR_CONNECTION_REFUSED @ http://localhost:3456/_next/static/chunks/1ls4_next_dist_client_1e1w42e._.js:16359
[ 5074939ms] [ERROR] WebSocket connection to 'ws://localhost:3456/_next/hmr?id=NpZn7J-DZQwCQs5aP-53s' failed: Error in connection establishment: net::ERR_CONNECTION_REFUSED @ http://localhost:3456/_next/static/chunks/1ls4_next_dist_client_1e1w42e._.js:16359
[ 5079941ms] [ERROR] WebSocket connection to 'ws://localhost:3456/_next/hmr?id=NpZn7J-DZQwCQs5aP-53s' failed: Error in connection establishment: net::ERR_CONNECTION_REFUSED @ http://localhost:3456/_next/static/chunks/1ls4_next_dist_client_1e1w42e._.js:16359
